// Jest Snapshot v1, https://goo.gl/fbAQLP

exports[`Header should render the component correctly 1`] = `
<header>
  <h1>
    <NavLink
      to="/"
    >
      Pete Watters
    </NavLink>
  </h1>
  <Nav />
</header>
`;
