// Jest Snapshot v1, https://goo.gl/fbAQLP

exports[`Section should render the component correctly 1`] = `<section />`;
